---
source: go-runner/src/builder/discovery.rs
expression: packages
---
[
  {
    "raw_package": "[raw_package]",
    "benchmarks": [
      {
        "name": "BenchmarkBoolsArrayMarshaler",
        "module_path": "go.uber.org/zap",
        "import_alias": "benchmarkboolsarraymarshaler_8965155587179714226",
        "qualified_name": "benchmarkboolsarraymarshaler_8965155587179714226.BenchmarkBoolsArrayMarshaler",
        "file_path": "array_test.go",
        "is_external": false
      },
      {
        "name": "BenchmarkBoolsReflect",
        "module_path": "go.uber.org/zap",
        "import_alias": "benchmarkboolsreflect_8965155587179714226",
        "qualified_name": "benchmarkboolsreflect_8965155587179714226.BenchmarkBoolsReflect",
        "file_path": "array_test.go",
        "is_external": false
      },
      {
        "name": "Benchmark100Fields",
        "module_path": "go.uber.org/zap",
        "import_alias": "benchmark100fields_8965155587179714226",
        "qualified_name": "benchmark100fields_8965155587179714226.Benchmark100Fields",
        "file_path": "logger_bench_test.go",
        "is_external": false
      },
      {
        "name": "Benchmark10Fields",
        "module_path": "go.uber.org/zap",
        "import_alias": "benchmark10fields_8965155587179714226",
        "qualified_name": "benchmark10fields_8965155587179714226.Benchmark10Fields",
        "file_path": "logger_bench_test.go",
        "is_external": false
      },
      {
        "name": "Benchmark5WithLazysNotUsed",
        "module_path": "go.uber.org/zap",
        "import_alias": "benchmark5withlazysnotused_8965155587179714226",
        "qualified_name": "benchmark5withlazysnotused_8965155587179714226.Benchmark5WithLazysNotUsed",
        "file_path": "logger_bench_test.go",
        "is_external": false
      },
      {
        "name": "Benchmark5WithLazysUsed",
        "module_path": "go.uber.org/zap",
        "import_alias": "benchmark5withlazysused_8965155587179714226",
        "qualified_name": "benchmark5withlazysused_8965155587179714226.Benchmark5WithLazysUsed",
        "file_path": "logger_bench_test.go",
        "is_external": false
      },
      {
        "name": "Benchmark5WithsNotUsed",
        "module_path": "go.uber.org/zap",
        "import_alias": "benchmark5withsnotused_8965155587179714226",
        "qualified_name": "benchmark5withsnotused_8965155587179714226.Benchmark5WithsNotUsed",
        "file_path": "logger_bench_test.go",
        "is_external": false
      },
      {
        "name": "Benchmark5WithsUsed",
        "module_path": "go.uber.org/zap",
        "import_alias": "benchmark5withsused_8965155587179714226",
        "qualified_name": "benchmark5withsused_8965155587179714226.Benchmark5WithsUsed",
        "file_path": "logger_bench_test.go",
        "is_external": false
      },
      {
        "name": "BenchmarkAddCallerAndStacktrace",
        "module_path": "go.uber.org/zap",
        "import_alias": "benchmarkaddcallerandstacktrace_8965155587179714226",
        "qualified_name": "benchmarkaddcallerandstacktrace_8965155587179714226.BenchmarkAddCallerAndStacktrace",
        "file_path": "logger_bench_test.go",
        "is_external": false
      },
      {
        "name": "BenchmarkAddCallerHook",
        "module_path": "go.uber.org/zap",
        "import_alias": "benchmarkaddcallerhook_8965155587179714226",
        "qualified_name": "benchmarkaddcallerhook_8965155587179714226.BenchmarkAddCallerHook",
        "file_path": "logger_bench_test.go",
        "is_external": false
      },
      {
        "name": "BenchmarkAny",
        "module_path": "go.uber.org/zap",
        "import_alias": "benchmarkany_8965155587179714226",
        "qualified_name": "benchmarkany_8965155587179714226.BenchmarkAny",
        "file_path": "logger_bench_test.go",
        "is_external": false
      },
      {
        "name": "BenchmarkBoolField",
        "module_path": "go.uber.org/zap",
        "import_alias": "benchmarkboolfield_8965155587179714226",
        "qualified_name": "benchmarkboolfield_8965155587179714226.BenchmarkBoolField",
        "file_path": "logger_bench_test.go",
        "is_external": false
      },
      {
        "name": "BenchmarkByteStringField",
        "module_path": "go.uber.org/zap",
        "import_alias": "benchmarkbytestringfield_8965155587179714226",
        "qualified_name": "benchmarkbytestringfield_8965155587179714226.BenchmarkByteStringField",
        "file_path": "logger_bench_test.go",
        "is_external": false
      },
      {
        "name": "BenchmarkDurationField",
        "module_path": "go.uber.org/zap",
        "import_alias": "benchmarkdurationfield_8965155587179714226",
        "qualified_name": "benchmarkdurationfield_8965155587179714226.BenchmarkDurationField",
        "file_path": "logger_bench_test.go",
        "is_external": false
      },
      {
        "name": "BenchmarkErrorField",
        "module_path": "go.uber.org/zap",
        "import_alias": "benchmarkerrorfield_8965155587179714226",
        "qualified_name": "benchmarkerrorfield_8965155587179714226.BenchmarkErrorField",
        "file_path": "logger_bench_test.go",
        "is_external": false
      },
      {
        "name": "BenchmarkErrorsField",
        "module_path": "go.uber.org/zap",
        "import_alias": "benchmarkerrorsfield_8965155587179714226",
        "qualified_name": "benchmarkerrorsfield_8965155587179714226.BenchmarkErrorsField",
        "file_path": "logger_bench_test.go",
        "is_external": false
      },
      {
        "name": "BenchmarkFloat64Field",
        "module_path": "go.uber.org/zap",
        "import_alias": "benchmarkfloat64field_8965155587179714226",
        "qualified_name": "benchmarkfloat64field_8965155587179714226.BenchmarkFloat64Field",
        "file_path": "logger_bench_test.go",
        "is_external": false
      },
      {
        "name": "BenchmarkInt64Field",
        "module_path": "go.uber.org/zap",
        "import_alias": "benchmarkint64field_8965155587179714226",
        "qualified_name": "benchmarkint64field_8965155587179714226.BenchmarkInt64Field",
        "file_path": "logger_bench_test.go",
        "is_external": false
      },
      {
        "name": "BenchmarkIntField",
        "module_path": "go.uber.org/zap",
        "import_alias": "benchmarkintfield_8965155587179714226",
        "qualified_name": "benchmarkintfield_8965155587179714226.BenchmarkIntField",
        "file_path": "logger_bench_test.go",
        "is_external": false
      },
      {
        "name": "BenchmarkNoContext",
        "module_path": "go.uber.org/zap",
        "import_alias": "benchmarknocontext_8965155587179714226",
        "qualified_name": "benchmarknocontext_8965155587179714226.BenchmarkNoContext",
        "file_path": "logger_bench_test.go",
        "is_external": false
      },
      {
        "name": "BenchmarkObjectField",
        "module_path": "go.uber.org/zap",
        "import_alias": "benchmarkobjectfield_8965155587179714226",
        "qualified_name": "benchmarkobjectfield_8965155587179714226.BenchmarkObjectField",
        "file_path": "logger_bench_test.go",
        "is_external": false
      },
      {
        "name": "BenchmarkReflectField",
        "module_path": "go.uber.org/zap",
        "import_alias": "benchmarkreflectfield_8965155587179714226",
        "qualified_name": "benchmarkreflectfield_8965155587179714226.BenchmarkReflectField",
        "file_path": "logger_bench_test.go",
        "is_external": false
      },
      {
        "name": "BenchmarkStackField",
        "module_path": "go.uber.org/zap",
        "import_alias": "benchmarkstackfield_8965155587179714226",
        "qualified_name": "benchmarkstackfield_8965155587179714226.BenchmarkStackField",
        "file_path": "logger_bench_test.go",
        "is_external": false
      },
      {
        "name": "BenchmarkStringField",
        "module_path": "go.uber.org/zap",
        "import_alias": "benchmarkstringfield_8965155587179714226",
        "qualified_name": "benchmarkstringfield_8965155587179714226.BenchmarkStringField",
        "file_path": "logger_bench_test.go",
        "is_external": false
      },
      {
        "name": "BenchmarkStringerField",
        "module_path": "go.uber.org/zap",
        "import_alias": "benchmarkstringerfield_8965155587179714226",
        "qualified_name": "benchmarkstringerfield_8965155587179714226.BenchmarkStringerField",
        "file_path": "logger_bench_test.go",
        "is_external": false
      },
      {
        "name": "BenchmarkTimeField",
        "module_path": "go.uber.org/zap",
        "import_alias": "benchmarktimefield_8965155587179714226",
        "qualified_name": "benchmarktimefield_8965155587179714226.BenchmarkTimeField",
        "file_path": "logger_bench_test.go",
        "is_external": false
      },
      {
        "name": "BenchmarkLnSugarSingleStrArg",
        "module_path": "go.uber.org/zap",
        "import_alias": "benchmarklnsugarsinglestrarg_8965155587179714226",
        "qualified_name": "benchmarklnsugarsinglestrarg_8965155587179714226.BenchmarkLnSugarSingleStrArg",
        "file_path": "sugar_test.go",
        "is_external": false
      },
      {
        "name": "BenchmarkSugarSingleStrArg",
        "module_path": "go.uber.org/zap",
        "import_alias": "benchmarksugarsinglestrarg_8965155587179714226",
        "qualified_name": "benchmarksugarsinglestrarg_8965155587179714226.BenchmarkSugarSingleStrArg",
        "file_path": "sugar_test.go",
        "is_external": false
      }
    ]
  },
  {
    "raw_package": "[raw_package]",
    "benchmarks": [
      {
        "name": "BenchmarkBuffers",
        "module_path": "go.uber.org/zap/buffer",
        "import_alias": "benchmarkbuffers_11185874187691884622",
        "qualified_name": "benchmarkbuffers_11185874187691884622.BenchmarkBuffers",
        "file_path": "buffer/buffer_test.go",
        "is_external": false
      }
    ]
  },
  {
    "raw_package": "[raw_package]",
    "benchmarks": [
      {
        "name": "BenchmarkTake",
        "module_path": "go.uber.org/zap/internal/stacktrace",
        "import_alias": "benchmarktake_1125362636766148011",
        "qualified_name": "benchmarktake_1125362636766148011.BenchmarkTake",
        "file_path": "internal/stacktrace/stack_test.go",
        "is_external": false
      }
    ]
  },
  {
    "raw_package": "[raw_package]",
    "benchmarks": [
      {
        "name": "BenchmarkBufferedWriteSyncer",
        "module_path": "go.uber.org/zap/zapcore",
        "import_alias": "benchmarkbufferedwritesyncer_9756807534644178564",
        "qualified_name": "benchmarkbufferedwritesyncer_9756807534644178564.BenchmarkBufferedWriteSyncer",
        "file_path": "zapcore/buffered_write_syncer_bench_test.go",
        "is_external": false
      },
      {
        "name": "BenchmarkZapConsole",
        "module_path": "go.uber.org/zap/zapcore",
        "import_alias": "benchmarkzapconsole_9756807534644178564",
        "qualified_name": "benchmarkzapconsole_9756807534644178564.BenchmarkZapConsole",
        "file_path": "zapcore/console_encoder_bench_test.go",
        "is_external": true
      },
      {
        "name": "BenchmarkJSONLogMarshalerFunc",
        "module_path": "go.uber.org/zap/zapcore",
        "import_alias": "benchmarkjsonlogmarshalerfunc_9756807534644178564",
        "qualified_name": "benchmarkjsonlogmarshalerfunc_9756807534644178564.BenchmarkJSONLogMarshalerFunc",
        "file_path": "zapcore/json_encoder_bench_test.go",
        "is_external": true
      },
      {
        "name": "BenchmarkStandardJSON",
        "module_path": "go.uber.org/zap/zapcore",
        "import_alias": "benchmarkstandardjson_9756807534644178564",
        "qualified_name": "benchmarkstandardjson_9756807534644178564.BenchmarkStandardJSON",
        "file_path": "zapcore/json_encoder_bench_test.go",
        "is_external": true
      },
      {
        "name": "BenchmarkZapJSON",
        "module_path": "go.uber.org/zap/zapcore",
        "import_alias": "benchmarkzapjson_9756807534644178564",
        "qualified_name": "benchmarkzapjson_9756807534644178564.BenchmarkZapJSON",
        "file_path": "zapcore/json_encoder_bench_test.go",
        "is_external": true
      },
      {
        "name": "BenchmarkZapJSONFloat32AndComplex64",
        "module_path": "go.uber.org/zap/zapcore",
        "import_alias": "benchmarkzapjsonfloat32andcomplex64_9756807534644178564",
        "qualified_name": "benchmarkzapjsonfloat32andcomplex64_9756807534644178564.BenchmarkZapJSONFloat32AndComplex64",
        "file_path": "zapcore/json_encoder_bench_test.go",
        "is_external": true
      },
      {
        "name": "BenchmarkSampler_Check",
        "module_path": "go.uber.org/zap/zapcore",
        "import_alias": "benchmarksampler_check_9756807534644178564",
        "qualified_name": "benchmarksampler_check_9756807534644178564.BenchmarkSampler_Check",
        "file_path": "zapcore/sampler_bench_test.go",
        "is_external": true
      },
      {
        "name": "BenchmarkSampler_CheckWithHook",
        "module_path": "go.uber.org/zap/zapcore",
        "import_alias": "benchmarksampler_checkwithhook_9756807534644178564",
        "qualified_name": "benchmarksampler_checkwithhook_9756807534644178564.BenchmarkSampler_CheckWithHook",
        "file_path": "zapcore/sampler_bench_test.go",
        "is_external": true
      },
      {
        "name": "BenchmarkTeeCheck",
        "module_path": "go.uber.org/zap/zapcore",
        "import_alias": "benchmarkteecheck_9756807534644178564",
        "qualified_name": "benchmarkteecheck_9756807534644178564.BenchmarkTeeCheck",
        "file_path": "zapcore/tee_logger_bench_test.go",
        "is_external": true
      },
      {
        "name": "BenchmarkMultiWriteSyncer",
        "module_path": "go.uber.org/zap/zapcore",
        "import_alias": "benchmarkmultiwritesyncer_9756807534644178564",
        "qualified_name": "benchmarkmultiwritesyncer_9756807534644178564.BenchmarkMultiWriteSyncer",
        "file_path": "zapcore/write_syncer_bench_test.go",
        "is_external": false
      },
      {
        "name": "BenchmarkWriteSyncer",
        "module_path": "go.uber.org/zap/zapcore",
        "import_alias": "benchmarkwritesyncer_9756807534644178564",
        "qualified_name": "benchmarkwritesyncer_9756807534644178564.BenchmarkWriteSyncer",
        "file_path": "zapcore/write_syncer_bench_test.go",
        "is_external": false
      }
    ]
  },
  {
    "raw_package": "[raw_package]",
    "benchmarks": [
      {
        "name": "BenchmarkZapConsole",
        "module_path": "go.uber.org/zap/zapcore",
        "import_alias": "benchmarkzapconsole_9756807534644178564",
        "qualified_name": "benchmarkzapconsole_9756807534644178564.BenchmarkZapConsole",
        "file_path": "zapcore/console_encoder_bench_test.go",
        "is_external": true
      },
      {
        "name": "BenchmarkJSONLogMarshalerFunc",
        "module_path": "go.uber.org/zap/zapcore",
        "import_alias": "benchmarkjsonlogmarshalerfunc_9756807534644178564",
        "qualified_name": "benchmarkjsonlogmarshalerfunc_9756807534644178564.BenchmarkJSONLogMarshalerFunc",
        "file_path": "zapcore/json_encoder_bench_test.go",
        "is_external": true
      },
      {
        "name": "BenchmarkStandardJSON",
        "module_path": "go.uber.org/zap/zapcore",
        "import_alias": "benchmarkstandardjson_9756807534644178564",
        "qualified_name": "benchmarkstandardjson_9756807534644178564.BenchmarkStandardJSON",
        "file_path": "zapcore/json_encoder_bench_test.go",
        "is_external": true
      },
      {
        "name": "BenchmarkZapJSON",
        "module_path": "go.uber.org/zap/zapcore",
        "import_alias": "benchmarkzapjson_9756807534644178564",
        "qualified_name": "benchmarkzapjson_9756807534644178564.BenchmarkZapJSON",
        "file_path": "zapcore/json_encoder_bench_test.go",
        "is_external": true
      },
      {
        "name": "BenchmarkZapJSONFloat32AndComplex64",
        "module_path": "go.uber.org/zap/zapcore",
        "import_alias": "benchmarkzapjsonfloat32andcomplex64_9756807534644178564",
        "qualified_name": "benchmarkzapjsonfloat32andcomplex64_9756807534644178564.BenchmarkZapJSONFloat32AndComplex64",
        "file_path": "zapcore/json_encoder_bench_test.go",
        "is_external": true
      },
      {
        "name": "BenchmarkSampler_Check",
        "module_path": "go.uber.org/zap/zapcore",
        "import_alias": "benchmarksampler_check_9756807534644178564",
        "qualified_name": "benchmarksampler_check_9756807534644178564.BenchmarkSampler_Check",
        "file_path": "zapcore/sampler_bench_test.go",
        "is_external": true
      },
      {
        "name": "BenchmarkSampler_CheckWithHook",
        "module_path": "go.uber.org/zap/zapcore",
        "import_alias": "benchmarksampler_checkwithhook_9756807534644178564",
        "qualified_name": "benchmarksampler_checkwithhook_9756807534644178564.BenchmarkSampler_CheckWithHook",
        "file_path": "zapcore/sampler_bench_test.go",
        "is_external": true
      },
      {
        "name": "BenchmarkTeeCheck",
        "module_path": "go.uber.org/zap/zapcore",
        "import_alias": "benchmarkteecheck_9756807534644178564",
        "qualified_name": "benchmarkteecheck_9756807534644178564.BenchmarkTeeCheck",
        "file_path": "zapcore/tee_logger_bench_test.go",
        "is_external": true
      }
    ]
  },
  {
    "raw_package": "[raw_package]",
    "benchmarks": [
      {
        "name": "BenchmarkWriter",
        "module_path": "go.uber.org/zap/zapio",
        "import_alias": "benchmarkwriter_3748218270869233422",
        "qualified_name": "benchmarkwriter_3748218270869233422.BenchmarkWriter",
        "file_path": "zapio/writer_test.go",
        "is_external": false
      }
    ]
  }
]
