---
source: go-runner/src/builder/discovery.rs
expression: packages
---
[
  {
    "raw_package": "[raw_package]",
    "benchmarks": [
      {
        "name": "BenchmarkBool",
        "module_path": "go.opentelemetry.io/otel/attribute",
        "import_alias": "benchmarkbool_9112764275935889827",
        "qualified_name": "benchmarkbool_9112764275935889827.BenchmarkBool",
        "file_path": "attribute/benchmark_test.go",
        "is_external": true
      },
      {
        "name": "BenchmarkBoolSlice",
        "module_path": "go.opentelemetry.io/otel/attribute",
        "import_alias": "benchmarkboolslice_9112764275935889827",
        "qualified_name": "benchmarkboolslice_9112764275935889827.BenchmarkBoolSlice",
        "file_path": "attribute/benchmark_test.go",
        "is_external": true
      },
      {
        "name": "BenchmarkEquivalentMapAccess",
        "module_path": "go.opentelemetry.io/otel/attribute",
        "import_alias": "benchmarkequivalentmapaccess_9112764275935889827",
        "qualified_name": "benchmarkequivalentmapaccess_9112764275935889827.BenchmarkEquivalentMapAccess",
        "file_path": "attribute/benchmark_test.go",
        "is_external": true
      },
      {
        "name": "BenchmarkFloat64",
        "module_path": "go.opentelemetry.io/otel/attribute",
        "import_alias": "benchmarkfloat64_9112764275935889827",
        "qualified_name": "benchmarkfloat64_9112764275935889827.BenchmarkFloat64",
        "file_path": "attribute/benchmark_test.go",
        "is_external": true
      },
      {
        "name": "BenchmarkFloat64Slice",
        "module_path": "go.opentelemetry.io/otel/attribute",
        "import_alias": "benchmarkfloat64slice_9112764275935889827",
        "qualified_name": "benchmarkfloat64slice_9112764275935889827.BenchmarkFloat64Slice",
        "file_path": "attribute/benchmark_test.go",
        "is_external": true
      },
      {
        "name": "BenchmarkInt",
        "module_path": "go.opentelemetry.io/otel/attribute",
        "import_alias": "benchmarkint_9112764275935889827",
        "qualified_name": "benchmarkint_9112764275935889827.BenchmarkInt",
        "file_path": "attribute/benchmark_test.go",
        "is_external": true
      },
      {
        "name": "BenchmarkInt64",
        "module_path": "go.opentelemetry.io/otel/attribute",
        "import_alias": "benchmarkint64_9112764275935889827",
        "qualified_name": "benchmarkint64_9112764275935889827.BenchmarkInt64",
        "file_path": "attribute/benchmark_test.go",
        "is_external": true
      },
      {
        "name": "BenchmarkInt64Slice",
        "module_path": "go.opentelemetry.io/otel/attribute",
        "import_alias": "benchmarkint64slice_9112764275935889827",
        "qualified_name": "benchmarkint64slice_9112764275935889827.BenchmarkInt64Slice",
        "file_path": "attribute/benchmark_test.go",
        "is_external": true
      },
      {
        "name": "BenchmarkIntSlice",
        "module_path": "go.opentelemetry.io/otel/attribute",
        "import_alias": "benchmarkintslice_9112764275935889827",
        "qualified_name": "benchmarkintslice_9112764275935889827.BenchmarkIntSlice",
        "file_path": "attribute/benchmark_test.go",
        "is_external": true
      },
      {
        "name": "BenchmarkString",
        "module_path": "go.opentelemetry.io/otel/attribute",
        "import_alias": "benchmarkstring_9112764275935889827",
        "qualified_name": "benchmarkstring_9112764275935889827.BenchmarkString",
        "file_path": "attribute/benchmark_test.go",
        "is_external": true
      },
      {
        "name": "BenchmarkStringSlice",
        "module_path": "go.opentelemetry.io/otel/attribute",
        "import_alias": "benchmarkstringslice_9112764275935889827",
        "qualified_name": "benchmarkstringslice_9112764275935889827.BenchmarkStringSlice",
        "file_path": "attribute/benchmark_test.go",
        "is_external": true
      },
      {
        "name": "BenchmarkFiltering",
        "module_path": "go.opentelemetry.io/otel/attribute",
        "import_alias": "benchmarkfiltering_9112764275935889827",
        "qualified_name": "benchmarkfiltering_9112764275935889827.BenchmarkFiltering",
        "file_path": "attribute/set_test.go",
        "is_external": true
      },
      {
        "name": "BenchmarkNewSet",
        "module_path": "go.opentelemetry.io/otel/attribute",
        "import_alias": "benchmarknewset_9112764275935889827",
        "qualified_name": "benchmarknewset_9112764275935889827.BenchmarkNewSet",
        "file_path": "attribute/set_test.go",
        "is_external": true
      }
    ]
  },
  {
    "raw_package": "[raw_package]",
    "benchmarks": [
      {
        "name": "BenchmarkBool",
        "module_path": "go.opentelemetry.io/otel/attribute",
        "import_alias": "benchmarkbool_9112764275935889827",
        "qualified_name": "benchmarkbool_9112764275935889827.BenchmarkBool",
        "file_path": "attribute/benchmark_test.go",
        "is_external": true
      },
      {
        "name": "BenchmarkBoolSlice",
        "module_path": "go.opentelemetry.io/otel/attribute",
        "import_alias": "benchmarkboolslice_9112764275935889827",
        "qualified_name": "benchmarkboolslice_9112764275935889827.BenchmarkBoolSlice",
        "file_path": "attribute/benchmark_test.go",
        "is_external": true
      },
      {
        "name": "BenchmarkEquivalentMapAccess",
        "module_path": "go.opentelemetry.io/otel/attribute",
        "import_alias": "benchmarkequivalentmapaccess_9112764275935889827",
        "qualified_name": "benchmarkequivalentmapaccess_9112764275935889827.BenchmarkEquivalentMapAccess",
        "file_path": "attribute/benchmark_test.go",
        "is_external": true
      },
      {
        "name": "BenchmarkFloat64",
        "module_path": "go.opentelemetry.io/otel/attribute",
        "import_alias": "benchmarkfloat64_9112764275935889827",
        "qualified_name": "benchmarkfloat64_9112764275935889827.BenchmarkFloat64",
        "file_path": "attribute/benchmark_test.go",
        "is_external": true
      },
      {
        "name": "BenchmarkFloat64Slice",
        "module_path": "go.opentelemetry.io/otel/attribute",
        "import_alias": "benchmarkfloat64slice_9112764275935889827",
        "qualified_name": "benchmarkfloat64slice_9112764275935889827.BenchmarkFloat64Slice",
        "file_path": "attribute/benchmark_test.go",
        "is_external": true
      },
      {
        "name": "BenchmarkInt",
        "module_path": "go.opentelemetry.io/otel/attribute",
        "import_alias": "benchmarkint_9112764275935889827",
        "qualified_name": "benchmarkint_9112764275935889827.BenchmarkInt",
        "file_path": "attribute/benchmark_test.go",
        "is_external": true
      },
      {
        "name": "BenchmarkInt64",
        "module_path": "go.opentelemetry.io/otel/attribute",
        "import_alias": "benchmarkint64_9112764275935889827",
        "qualified_name": "benchmarkint64_9112764275935889827.BenchmarkInt64",
        "file_path": "attribute/benchmark_test.go",
        "is_external": true
      },
      {
        "name": "BenchmarkInt64Slice",
        "module_path": "go.opentelemetry.io/otel/attribute",
        "import_alias": "benchmarkint64slice_9112764275935889827",
        "qualified_name": "benchmarkint64slice_9112764275935889827.BenchmarkInt64Slice",
        "file_path": "attribute/benchmark_test.go",
        "is_external": true
      },
      {
        "name": "BenchmarkIntSlice",
        "module_path": "go.opentelemetry.io/otel/attribute",
        "import_alias": "benchmarkintslice_9112764275935889827",
        "qualified_name": "benchmarkintslice_9112764275935889827.BenchmarkIntSlice",
        "file_path": "attribute/benchmark_test.go",
        "is_external": true
      },
      {
        "name": "BenchmarkString",
        "module_path": "go.opentelemetry.io/otel/attribute",
        "import_alias": "benchmarkstring_9112764275935889827",
        "qualified_name": "benchmarkstring_9112764275935889827.BenchmarkString",
        "file_path": "attribute/benchmark_test.go",
        "is_external": true
      },
      {
        "name": "BenchmarkStringSlice",
        "module_path": "go.opentelemetry.io/otel/attribute",
        "import_alias": "benchmarkstringslice_9112764275935889827",
        "qualified_name": "benchmarkstringslice_9112764275935889827.BenchmarkStringSlice",
        "file_path": "attribute/benchmark_test.go",
        "is_external": true
      },
      {
        "name": "BenchmarkFiltering",
        "module_path": "go.opentelemetry.io/otel/attribute",
        "import_alias": "benchmarkfiltering_9112764275935889827",
        "qualified_name": "benchmarkfiltering_9112764275935889827.BenchmarkFiltering",
        "file_path": "attribute/set_test.go",
        "is_external": true
      },
      {
        "name": "BenchmarkNewSet",
        "module_path": "go.opentelemetry.io/otel/attribute",
        "import_alias": "benchmarknewset_9112764275935889827",
        "qualified_name": "benchmarknewset_9112764275935889827.BenchmarkNewSet",
        "file_path": "attribute/set_test.go",
        "is_external": true
      }
    ]
  },
  {
    "raw_package": "[raw_package]",
    "benchmarks": [
      {
        "name": "BenchmarkAsFloat64Slice",
        "module_path": "go.opentelemetry.io/otel/attribute/internal",
        "import_alias": "benchmarkasfloat64slice_4292079508431374558",
        "qualified_name": "benchmarkasfloat64slice_4292079508431374558.BenchmarkAsFloat64Slice",
        "file_path": "attribute/internal/attribute_test.go",
        "is_external": false
      },
      {
        "name": "BenchmarkBoolSliceValue",
        "module_path": "go.opentelemetry.io/otel/attribute/internal",
        "import_alias": "benchmarkboolslicevalue_4292079508431374558",
        "qualified_name": "benchmarkboolslicevalue_4292079508431374558.BenchmarkBoolSliceValue",
        "file_path": "attribute/internal/attribute_test.go",
        "is_external": false
      },
      {
        "name": "BenchmarkFloat64SliceValue",
        "module_path": "go.opentelemetry.io/otel/attribute/internal",
        "import_alias": "benchmarkfloat64slicevalue_4292079508431374558",
        "qualified_name": "benchmarkfloat64slicevalue_4292079508431374558.BenchmarkFloat64SliceValue",
        "file_path": "attribute/internal/attribute_test.go",
        "is_external": false
      },
      {
        "name": "BenchmarkInt64SliceValue",
        "module_path": "go.opentelemetry.io/otel/attribute/internal",
        "import_alias": "benchmarkint64slicevalue_4292079508431374558",
        "qualified_name": "benchmarkint64slicevalue_4292079508431374558.BenchmarkInt64SliceValue",
        "file_path": "attribute/internal/attribute_test.go",
        "is_external": false
      },
      {
        "name": "BenchmarkStringSliceValue",
        "module_path": "go.opentelemetry.io/otel/attribute/internal",
        "import_alias": "benchmarkstringslicevalue_4292079508431374558",
        "qualified_name": "benchmarkstringslicevalue_4292079508431374558.BenchmarkStringSliceValue",
        "file_path": "attribute/internal/attribute_test.go",
        "is_external": false
      }
    ]
  },
  {
    "raw_package": "[raw_package]",
    "benchmarks": [
      {
        "name": "BenchmarkMemberString",
        "module_path": "go.opentelemetry.io/otel/baggage",
        "import_alias": "benchmarkmemberstring_16804148212268947688",
        "qualified_name": "benchmarkmemberstring_16804148212268947688.BenchmarkMemberString",
        "file_path": "baggage/baggage_test.go",
        "is_external": false
      },
      {
        "name": "BenchmarkNew",
        "module_path": "go.opentelemetry.io/otel/baggage",
        "import_alias": "benchmarknew_16804148212268947688",
        "qualified_name": "benchmarknew_16804148212268947688.BenchmarkNew",
        "file_path": "baggage/baggage_test.go",
        "is_external": false
      },
      {
        "name": "BenchmarkNewMemberRaw",
        "module_path": "go.opentelemetry.io/otel/baggage",
        "import_alias": "benchmarknewmemberraw_16804148212268947688",
        "qualified_name": "benchmarknewmemberraw_16804148212268947688.BenchmarkNewMemberRaw",
        "file_path": "baggage/baggage_test.go",
        "is_external": false
      },
      {
        "name": "BenchmarkParse",
        "module_path": "go.opentelemetry.io/otel/baggage",
        "import_alias": "benchmarkparse_16804148212268947688",
        "qualified_name": "benchmarkparse_16804148212268947688.BenchmarkParse",
        "file_path": "baggage/baggage_test.go",
        "is_external": false
      },
      {
        "name": "BenchmarkString",
        "module_path": "go.opentelemetry.io/otel/baggage",
        "import_alias": "benchmarkstring_16804148212268947688",
        "qualified_name": "benchmarkstring_16804148212268947688.BenchmarkString",
        "file_path": "baggage/baggage_test.go",
        "is_external": false
      },
      {
        "name": "BenchmarkValueEscape",
        "module_path": "go.opentelemetry.io/otel/baggage",
        "import_alias": "benchmarkvalueescape_16804148212268947688",
        "qualified_name": "benchmarkvalueescape_16804148212268947688.BenchmarkValueEscape",
        "file_path": "baggage/baggage_test.go",
        "is_external": false
      }
    ]
  },
  {
    "raw_package": "[raw_package]",
    "benchmarks": [
      {
        "name": "BenchmarkStartEndSpanNoSDK",
        "module_path": "go.opentelemetry.io/otel/internal/global",
        "import_alias": "benchmarkstartendspannosdk_11952587464289651052",
        "qualified_name": "benchmarkstartendspannosdk_11952587464289651052.BenchmarkStartEndSpanNoSDK",
        "file_path": "internal/global/benchmark_test.go",
        "is_external": false
      }
    ]
  },
  {
    "raw_package": "[raw_package]",
    "benchmarks": [
      {
        "name": "BenchmarkExtract",
        "module_path": "go.opentelemetry.io/otel/propagation",
        "import_alias": "benchmarkextract_15994792647402085651",
        "qualified_name": "benchmarkextract_15994792647402085651.BenchmarkExtract",
        "file_path": "propagation/trace_context_benchmark_test.go",
        "is_external": true
      },
      {
        "name": "BenchmarkInject",
        "module_path": "go.opentelemetry.io/otel/propagation",
        "import_alias": "benchmarkinject_15994792647402085651",
        "qualified_name": "benchmarkinject_15994792647402085651.BenchmarkInject",
        "file_path": "propagation/trace_context_benchmark_test.go",
        "is_external": true
      }
    ]
  }
]
