---
source: go-runner/src/builder/discovery.rs
expression: packages
---
[
  {
    "raw_package": {
      "Dir": "[package_dir]",
      "Name": "htime",
      "ImportPath": "github.com/gohugoio/hugo/common/htime [github.com/gohugoio/hugo/common/htime.test]",
      "GoFiles": [
        "time.go",
        "time_test.go"
      ],
      "TestGoFiles": [
        "time_test.go"
      ],
      "Imports": [
        "github.com/frankban/quicktest",
        "github.com/gohugoio/localescompressed",
        "testing",
        "time",
        "github.com/bep/clocks",
        "github.com/gohugoio/locales",
        "github.com/spf13/cast",
        "log",
        "strings",
        "time"
      ],
      "TestImports": [
        "github.com/frankban/quicktest",
        "github.com/gohugoio/localescompressed",
        "testing",
        "time"
      ],
      "CompiledGoFiles": [
        "time.go",
        "time_test.go"
      ],
      "ForTest": "github.com/gohugoio/hugo/common/htime",
      "Module": {
        "Path": "github.com/gohugoio/hugo",
        "Dir": "[module_dir]",
        "GoMod": "[go_mod_path]",
        "GoVersion": "1.24",
        "Main": true
      }
    },
    "benchmarks": [
      {
        "name": "BenchmarkTimeFormatter",
        "module_path": "github.com/gohugoio/hugo/common/htime",
        "import_alias": "benchmarktimeformatter_6847590086467670113",
        "qualified_name": "benchmarktimeformatter_6847590086467670113.BenchmarkTimeFormatter",
        "file_path": "common/htime/time_test.go",
        "is_external": false
      }
    ]
  }
]
