---
source: go-runner/src/builder/discovery.rs
expression: packages
---
[
  {
    "raw_package": {
      "Dir": "[package_dir]",
      "Name": "identity_test",
      "ImportPath": "github.com/gohugoio/hugo/identity_test [github.com/gohugoio/hugo/identity.test]",
      "GoFiles": [
        "finder_test.go",
        "identity_test.go"
      ],
      "TestGoFiles": null,
      "Imports": [
        "fmt",
        "github.com/frankban/quicktest",
        "github.com/gohugoio/hugo/identity [github.com/gohugoio/hugo/identity.test]",
        "github.com/gohugoio/hugo/identity/identitytesting [github.com/gohugoio/hugo/identity.test]",
        "testing"
      ],
      "TestImports": null,
      "CompiledGoFiles": [
        "finder_test.go",
        "identity_test.go"
      ],
      "ForTest": "github.com/gohugoio/hugo/identity",
      "Module": {
        "Path": "github.com/gohugoio/hugo",
        "Dir": "[module_dir]",
        "GoMod": "[go_mod_path]",
        "GoVersion": "1.24",
        "Main": true
      }
    },
    "benchmarks": [
      {
        "name": "BenchmarkFinder",
        "module_path": "github.com/gohugoio/hugo/identity",
        "import_alias": "benchmarkfinder_12445121846465317058",
        "qualified_name": "benchmarkfinder_12445121846465317058.BenchmarkFinder",
        "file_path": "identity/finder_test.go",
        "is_external": true
      },
      {
        "name": "BenchmarkIdentityManager",
        "module_path": "github.com/gohugoio/hugo/identity",
        "import_alias": "benchmarkidentitymanager_12445121846465317058",
        "qualified_name": "benchmarkidentitymanager_12445121846465317058.BenchmarkIdentityManager",
        "file_path": "identity/identity_test.go",
        "is_external": true
      },
      {
        "name": "BenchmarkIsNotDependent",
        "module_path": "github.com/gohugoio/hugo/identity",
        "import_alias": "benchmarkisnotdependent_12445121846465317058",
        "qualified_name": "benchmarkisnotdependent_12445121846465317058.BenchmarkIsNotDependent",
        "file_path": "identity/identity_test.go",
        "is_external": true
      }
    ]
  }
]
